// Jest Snapshot v1, https://goo.gl/fbAQLP

exports[`Signup Component Signup component has not changed 1`] = `
<Fragment>
  <form
    className="form-signup"
    onSubmit={[Function]}
  >
    <img
      alt=""
      className="mb-4"
      height="72"
      src="//getbootstrap.com/docs/4.3/assets/brand/bootstrap-solid.svg"
      width="72"
    />
    <h1
      className="h3 mb-3 font-weight-normal"
    >
      Please sign up
    </h1>
    <label
      className="sr-only"
      htmlFor="name"
    >
      Name
    </label>
    <input
      autoFocus={true}
      className="form-control"
      id="name"
      name="name"
      onChange={[Function]}
      placeholder="Name"
      required={true}
      type="text"
    />
    <label
      className="sr-only"
      htmlFor="inputEmail"
    >
      Email address
    </label>
    <input
      className="form-control"
      id="inputEmail"
      name="email"
      onChange={[Function]}
      placeholder="Email address"
      required={true}
      type="email"
    />
    <label
      className="sr-only"
      htmlFor="inputPassword"
    >
      Choose Password
    </label>
    <input
      className="form-control"
      id="inputPassword"
      name="password"
      onChange={[Function]}
      placeholder="Choose a Password"
      required={true}
      type="password"
    />
    <label
      className="sr-only"
      htmlFor="reInputPassword"
    >
      Re-confirm Password
    </label>
    <input
      className="form-control"
      id="reInputPassword"
      name="repassword"
      onChange={[Function]}
      placeholder="Re-confirm Password"
      required={true}
      type="password"
    />
    <button
      className="btn btn-lg btn-primary btn-block"
      type="submit"
    >
      Sign Up
    </button>
  </form>
  <hr />
  <p>
    <Link
      replace={false}
      to="/signin"
    >
      Login if already signed up!
    </Link>
  </p>
</Fragment>
`;
