// Jest Snapshot v1, https://goo.gl/fbAQLP

exports[`Signin Component Signin component has not changed 1`] = `
<Fragment>
  <form
    className="form-signin"
    onSubmit={[Function]}
  >
    <img
      alt=""
      className="mb-4"
      height="72"
      src="//getbootstrap.com/docs/4.3/assets/brand/bootstrap-solid.svg"
      width="72"
    />
    <h1
      className="h3 mb-3 font-weight-normal"
    >
      Please sign in
    </h1>
    <label
      className="sr-only"
      htmlFor="inputEmail"
    >
      Email address
    </label>
    <input
      autoFocus={true}
      className="form-control"
      id="inputEmail"
      placeholder="Email address"
      required={true}
      type="email"
    />
    <label
      className="sr-only"
      htmlFor="inputPassword"
    >
      Password
    </label>
    <input
      className="form-control"
      id="inputPassword"
      placeholder="Password"
      required={true}
      type="password"
    />
    <div
      className="checkbox mb-3"
    >
      <label>
        <input
          type="checkbox"
          value="remember-me"
        />
        Remember me
      </label>
    </div>
    <button
      className="btn btn-lg btn-primary btn-block"
      type="submit"
    >
      Sign in
    </button>
  </form>
  <hr />
  <p>
    <Link
      replace={false}
      to="/"
    >
      Signup if new user!
    </Link>
  </p>
</Fragment>
`;
