// Jest Snapshot v1, https://goo.gl/fbAQLP

exports[`Dashboard Component Dashboard component has not changed 1`] = `
<div
  className="App"
>
  <header
    className="App-header"
  >
    <Link
      replace={false}
      to="/todos"
    >
      Go to Todos!
    </Link>
  </header>
</div>
`;
